// Jest Snapshot v1, https://goo.gl/fbAQLP

exports[`<Branches /> matches snapshot 1`] = `
<div>
  <header>
    <a
      href="/"
      onClick={[Function]}
    >
      Go to Home
    </a>
  </header>
</div>
`;
