// Jest Snapshot v1, https://goo.gl/fbAQLP

exports[`<InputText /> matches snapshot 1`] = `
<input
  autoComplete="off"
  maxLength={122}
  name="search"
  onChange={[Function]}
  placeholder=""
  type="text"
  value=""
/>
`;
